tests/unit/warehouse-state-machine.test.ts(268,7): error TS2578: Unused '@ts-expect-error' directive.
